app/admin/employees/create/page.tsx(119,35): error TS7006: Parameter 'val' implicitly has an 'any' type.
app/admin/employees/create/page.tsx(208,89): error TS2304: Cannot find name 'user'.
components/ui/select.tsx(9,32): error TS2339: Property 'Root' does not exist on type 'typeof import("C:/OmniGrievance/OmniGrievance/frontend/node_modules/radix-ui/dist/index")'.
components/ui/select.tsx(11,37): error TS2339: Property 'Group' does not exist on type 'typeof import("C:/OmniGrievance/OmniGrievance/frontend/node_modules/radix-ui/dist/index")'.
components/ui/select.tsx(13,37): error TS2339: Property 'Value' does not exist on type 'typeof import("C:/OmniGrievance/OmniGrievance/frontend/node_modules/radix-ui/dist/index")'.
components/ui/select.tsx(16,43): error TS2339: Property 'Trigger' does not exist on type 'typeof import("C:/OmniGrievance/OmniGrievance/frontend/node_modules/radix-ui/dist/index")'.
components/ui/select.tsx(17,57): error TS2339: Property 'Trigger' does not exist on type 'typeof import("C:/OmniGrievance/OmniGrievance/frontend/node_modules/radix-ui/dist/index")'.
components/ui/select.tsx(19,20): error TS2339: Property 'Trigger' does not exist on type 'typeof import("C:/OmniGrievance/OmniGrievance/frontend/node_modules/radix-ui/dist/index")'.
components/ui/select.tsx(28,22): error TS2339: Property 'Icon' does not exist on type 'typeof import("C:/OmniGrievance/OmniGrievance/frontend/node_modules/radix-ui/dist/index")'.
components/ui/select.tsx(30,23): error TS2339: Property 'Icon' does not exist on type 'typeof import("C:/OmniGrievance/OmniGrievance/frontend/node_modules/radix-ui/dist/index")'.
components/ui/select.tsx(31,21): error TS2339: Property 'Trigger' does not exist on type 'typeof import("C:/OmniGrievance/OmniGrievance/frontend/node_modules/radix-ui/dist/index")'.
components/ui/select.tsx(33,45): error TS2339: Property 'Trigger' does not exist on type 'typeof import("C:/OmniGrievance/OmniGrievance/frontend/node_modules/radix-ui/dist/index")'.
components/ui/select.tsx(36,43): error TS2339: Property 'ScrollUpButton' does not exist on type 'typeof import("C:/OmniGrievance/OmniGrievance/frontend/node_modules/radix-ui/dist/index")'.
components/ui/select.tsx(37,57): error TS2339: Property 'ScrollUpButton' does not exist on type 'typeof import("C:/OmniGrievance/OmniGrievance/frontend/node_modules/radix-ui/dist/index")'.
components/ui/select.tsx(39,20): error TS2339: Property 'ScrollUpButton' does not exist on type 'typeof import("C:/OmniGrievance/OmniGrievance/frontend/node_modules/radix-ui/dist/index")'.
components/ui/select.tsx(48,21): error TS2339: Property 'ScrollUpButton' does not exist on type 'typeof import("C:/OmniGrievance/OmniGrievance/frontend/node_modules/radix-ui/dist/index")'.
components/ui/select.tsx(50,52): error TS2339: Property 'ScrollUpButton' does not exist on type 'typeof import("C:/OmniGrievance/OmniGrievance/frontend/node_modules/radix-ui/dist/index")'.
components/ui/select.tsx(53,43): error TS2339: Property 'ScrollDownButton' does not exist on type 'typeof import("C:/OmniGrievance/OmniGrievance/frontend/node_modules/radix-ui/dist/index")'.
components/ui/select.tsx(54,57): error TS2339: Property 'ScrollDownButton' does not exist on type 'typeof import("C:/OmniGrievance/OmniGrievance/frontend/node_modules/radix-ui/dist/index")'.
components/ui/select.tsx(56,20): error TS2339: Property 'ScrollDownButton' does not exist on type 'typeof import("C:/OmniGrievance/OmniGrievance/frontend/node_modules/radix-ui/dist/index")'.
components/ui/select.tsx(65,21): error TS2339: Property 'ScrollDownButton' does not exist on type 'typeof import("C:/OmniGrievance/OmniGrievance/frontend/node_modules/radix-ui/dist/index")'.
components/ui/select.tsx(68,19): error TS2339: Property 'ScrollDownButton' does not exist on type 'typeof import("C:/OmniGrievance/OmniGrievance/frontend/node_modules/radix-ui/dist/index")'.
components/ui/select.tsx(71,43): error TS2339: Property 'Content' does not exist on type 'typeof import("C:/OmniGrievance/OmniGrievance/frontend/node_modules/radix-ui/dist/index")'.
components/ui/select.tsx(72,57): error TS2339: Property 'Content' does not exist on type 'typeof import("C:/OmniGrievance/OmniGrievance/frontend/node_modules/radix-ui/dist/index")'.
components/ui/select.tsx(74,4): error TS2604: JSX element type 'SelectPrimitive.Portal' does not have any construct or call signatures.
components/ui/select.tsx(74,4): error TS2786: 'SelectPrimitive.Portal' cannot be used as a JSX component.
  Its type 'typeof import("C:/OmniGrievance/OmniGrievance/frontend/node_modules/@radix-ui/react-portal/dist/index")' is not a valid JSX element type.
components/ui/select.tsx(75,22): error TS2339: Property 'Content' does not exist on type 'typeof import("C:/OmniGrievance/OmniGrievance/frontend/node_modules/radix-ui/dist/index")'.
components/ui/select.tsx(87,24): error TS2339: Property 'Viewport' does not exist on type 'typeof import("C:/OmniGrievance/OmniGrievance/frontend/node_modules/radix-ui/dist/index")'.
components/ui/select.tsx(95,25): error TS2339: Property 'Viewport' does not exist on type 'typeof import("C:/OmniGrievance/OmniGrievance/frontend/node_modules/radix-ui/dist/index")'.
components/ui/select.tsx(97,23): error TS2339: Property 'Content' does not exist on type 'typeof import("C:/OmniGrievance/OmniGrievance/frontend/node_modules/radix-ui/dist/index")'.
components/ui/select.tsx(100,45): error TS2339: Property 'Content' does not exist on type 'typeof import("C:/OmniGrievance/OmniGrievance/frontend/node_modules/radix-ui/dist/index")'.
components/ui/select.tsx(103,20): error TS2344: Type 'typeof import("C:/OmniGrievance/OmniGrievance/frontend/node_modules/@radix-ui/react-label/dist/index")' does not satisfy the constraint 'keyof IntrinsicElements | ForwardRefExoticComponent<any> | (new (props: any, context: any) => Component<any, {}, any>) | ((props: any) => ReactNode)'.
components/ui/select.tsx(104,34): error TS2344: Type 'typeof import("C:/OmniGrievance/OmniGrievance/frontend/node_modules/@radix-ui/react-label/dist/index")' does not satisfy the constraint 'ElementType<any, keyof IntrinsicElements>'.
components/ui/select.tsx(105,6): error TS2339: Property 'className' does not exist on type '{}'.
components/ui/select.tsx(106,4): error TS2604: JSX element type 'SelectPrimitive.Label' does not have any construct or call signatures.
components/ui/select.tsx(106,4): error TS2786: 'SelectPrimitive.Label' cannot be used as a JSX component.
  Its type 'typeof import("C:/OmniGrievance/OmniGrievance/frontend/node_modules/@radix-ui/react-label/dist/index")' is not a valid JSX element type.
components/ui/select.tsx(112,49): error TS2339: Property 'displayName' does not exist on type 'typeof import("C:/OmniGrievance/OmniGrievance/frontend/node_modules/@radix-ui/react-label/dist/index")'.
components/ui/select.tsx(115,43): error TS2339: Property 'Item' does not exist on type 'typeof import("C:/OmniGrievance/OmniGrievance/frontend/node_modules/radix-ui/dist/index")'.
components/ui/select.tsx(116,57): error TS2339: Property 'Item' does not exist on type 'typeof import("C:/OmniGrievance/OmniGrievance/frontend/node_modules/radix-ui/dist/index")'.
components/ui/select.tsx(118,20): error TS2339: Property 'Item' does not exist on type 'typeof import("C:/OmniGrievance/OmniGrievance/frontend/node_modules/radix-ui/dist/index")'.
components/ui/select.tsx(127,24): error TS2339: Property 'ItemIndicator' does not exist on type 'typeof import("C:/OmniGrievance/OmniGrievance/frontend/node_modules/radix-ui/dist/index")'.
components/ui/select.tsx(129,25): error TS2339: Property 'ItemIndicator' does not exist on type 'typeof import("C:/OmniGrievance/OmniGrievance/frontend/node_modules/radix-ui/dist/index")'.
components/ui/select.tsx(131,22): error TS2339: Property 'ItemText' does not exist on type 'typeof import("C:/OmniGrievance/OmniGrievance/frontend/node_modules/radix-ui/dist/index")'.
components/ui/select.tsx(131,59): error TS2339: Property 'ItemText' does not exist on type 'typeof import("C:/OmniGrievance/OmniGrievance/frontend/node_modules/radix-ui/dist/index")'.
components/ui/select.tsx(132,21): error TS2339: Property 'Item' does not exist on type 'typeof import("C:/OmniGrievance/OmniGrievance/frontend/node_modules/radix-ui/dist/index")'.
components/ui/select.tsx(134,42): error TS2339: Property 'Item' does not exist on type 'typeof import("C:/OmniGrievance/OmniGrievance/frontend/node_modules/radix-ui/dist/index")'.
components/ui/select.tsx(137,20): error TS2344: Type 'typeof import("C:/OmniGrievance/OmniGrievance/frontend/node_modules/@radix-ui/react-separator/dist/index")' does not satisfy the constraint 'keyof IntrinsicElements | ForwardRefExoticComponent<any> | (new (props: any, context: any) => Component<any, {}, any>) | ((props: any) => ReactNode)'.
components/ui/select.tsx(138,34): error TS2344: Type 'typeof import("C:/OmniGrievance/OmniGrievance/frontend/node_modules/@radix-ui/react-separator/dist/index")' does not satisfy the constraint 'ElementType<any, keyof IntrinsicElements>'.
components/ui/select.tsx(139,6): error TS2339: Property 'className' does not exist on type '{}'.
components/ui/select.tsx(140,4): error TS2604: JSX element type 'SelectPrimitive.Separator' does not have any construct or call signatures.
components/ui/select.tsx(140,4): error TS2786: 'SelectPrimitive.Separator' cannot be used as a JSX component.
  Its type 'typeof import("C:/OmniGrievance/OmniGrievance/frontend/node_modules/@radix-ui/react-separator/dist/index")' is not a valid JSX element type.
components/ui/select.tsx(146,57): error TS2339: Property 'displayName' does not exist on type 'typeof import("C:/OmniGrievance/OmniGrievance/frontend/node_modules/@radix-ui/react-separator/dist/index")'.
